[backblue.gif]
[fade.gif]
[index.html]
[nmlc-campaign.net/feed/index.html]
[nmlc-campaign.net/index.html]
[nmlc-campaign.net/comments/feed/index.html]
[nmlc-campaign.net/wp-includes/css/dist/block-library/style.mind70e.css]
[nmlc-campaign.net/wp-includes/js/mediaelement/mediaelementplayer-legacy.min1f61.css]
[nmlc-campaign.net/wp-includes/js/mediaelement/wp-mediaelement.mind70e.css]
[nmlc-campaign.net/wp-json/wp/v2/pages/66.json]
[nmlc-campaign.net/wp-json/index.html]
[nmlc-campaign.net/wp-content/plugins/pdf-viewer-block/public/css/pdf-viewer-blockd70e.css]
[nmlc-campaign.net/xmlrpc0db0.php]
[nmlc-campaign.net/wp-content/themes/varia-wpcom/printf91e.css]
[nmlc-campaign.net/wp-json/oembed/1.0/embedba12.json]
[nmlc-campaign.net/wp-json/oembed/1.0/embedc652]
[nmlc-campaign.net/wp-content/themes/barnsbury-wpcom/stylef91e.css]
[nmlc-campaign.net/wp-content/uploads/2024/05/cropped-Heading-1080-x-1080-px-2-32x32.png]
[nmlc-campaign.net/wp-content/uploads/2024/05/cropped-Heading-1080-x-1080-px-2-192x192.png]
[nmlc-campaign.net/wp-includes/js/jquery/jquery.minf43b.js]
[nmlc-campaign.net/wp-content/uploads/2024/05/cropped-Heading-1080-x-1080-px-2-180x180.png]
[nmlc-campaign.net/wp-includes/js/jquery/jquery-migrate.min5589.js]
[nmlc-campaign.net/wp-content/uploads/2024/05/DD51DA1D-4EA7-4C4B-AB06-E8CE42EE4CD5_1_201_a-1024x1009.jpg]
[nmlc-campaign.net/save-new-mills-squash-court/index.html]
[nmlc-campaign.net/wp-content/uploads/2024/12/IMG-20240211-WA0004_cropped-edited.jpg]
[nmlc-campaign.net/wp-content/uploads/2024/12/1000031319-1024x461.jpg]
[nmlc-campaign.net/wp-content/uploads/2024/12/WhatsApp-Image-2024-05-09-at-10.30.49-edited-1.jpg]
[nmlc-campaign.net/wp-content/uploads/2024/05/10-1.png]
[nmlc-campaign.net/wp-content/uploads/2024/12/Hannah-Hodgson.jpg]
[nmlc-campaign.net/wp-content/uploads/2024/05/12.png]
[dotcompatterns.wordpress.com/wp-content/uploads/2024/01/paint-small.jpg]
[nmlc-campaign.net/wp-content/uploads/2024/05/13.png]
[nmlc-campaign.net/wp-content/uploads/2024/05/junior-squash-lesson-under-12s-894x1024.jpg]
[nmlc-campaign.net/wp-content/uploads/2024/05/WhatsApp-Image-2024-05-13-at-21.49.54-1.jpg]
[nmlc-campaign.net/save-new-mills-sports-hall/index.html]
[nmlc-campaign.net/wp-content/uploads/2024/12/Untitled-design-2.png]
[nmlc-campaign.net/wp-content/plugins/timeline-block/includes/cool-timeline-block/dist/style-index.css]
[nmlc-campaign.net/wp-content/uploads/2024/12/1.png]
[nmlc-campaign.net/wp-content/uploads/2024/05/17191609_669295729916818_4744034916913399505_o.jpg]
[nmlc-campaign.net/wp-content/uploads/2024/05/full-group-picture-indoors-edited-1-2-1024x576.jpg]
[nmlc-campaign.net/wp-content/uploads/2024/12/3-150x150.png]
[nmlc-campaign.net/wp-content/uploads/2024/05/hnpw-meeting-2-edited-1024x576.jpg]
[nmlc-campaign.net/wp-content/uploads/2024/11/240318-Letter-of-complaint-to-HPBC.pdf.pdf]
[nmlc-campaign.net/wp-content/uploads/2024/12/4.png]
[nmlc-campaign.net/wp-content/uploads/2024/11/NMLC-letter-to-Jon-Pearce.pdf]
[nmlc-campaign.net/who-we-are/index.html]
[nmlc-campaign.net/wp-content/uploads/2024/12/5.png]
[nmlc-campaign.net/wp-content/uploads/2024/09/n07154_squash_courts.jpg]
[nmlc-campaign.net/wp-content/uploads/2024/12/6.png]
[nmlc-campaign.net/wp-content/uploads/2024/09/n03330_big_cheques.jpg]
[nmlc-campaign.net/wp-content/uploads/2024/10/D950-Proposed-swimming-pool-scaled.jpg]
[nmlc-campaign.net/wp-content/uploads/2024/05/New-Mills-Leisure-Centre-changes-Alternatives-to-current-proposal.pdf]
[nmlc-campaign.net/wp-content/uploads/2024/10/nm_lc_floor_plan.png]
[nmlc-campaign.net/wp-content/uploads/2024/10/74_carnival_news_report_v2.jpg]
[nmlc-campaign.net/wp-content/uploads/2024/12/WhatsApp-Image-2024-02-22-at-12.03.37.jpg]
[nmlc-campaign.net/wp-content/uploads/2024/10/1977_carnival_wider.jpg]
[nmlc-campaign.net/wp-content/uploads/2024/10/D1287-1-NM-Carnival-1977.pdf]
[nmlc-campaign.net/wp-content/uploads/2024/10/D782-2-NEWSPA-Carnival-1980.pdf]
[nmlc-campaign.net/wp-content/uploads/2024/10/n13844.jpg]
[nmlc-campaign.net/wp-content/uploads/2024/09/New_Mills_Leisure_Centre_0023-1.jpg]
[stats.wp.com/e-202613.js]
[nmlc-campaign.net/wp-content/uploads/2024/10/lc_opens_newspaper.jpg]
[nmlc-campaign.net/wp-content/uploads/2024/09/WhatsApp-Image-2024-09-15-at-17.57.26_038fd48f.jpg]
[nmlc-campaign.net/wp-content/uploads/2024/09/IMG_20240921_115047.jpg]
[nmlc-campaign.net/wp-json/wp/v2/pages/9.json]
[nmlc-campaign.net/wp-content/uploads/2024/09/n13480_lc_ad.jpg]
[nmlc-campaign.net/wp-content/uploads/2024/09/n01233_wynfords_squash-1.jpg]
[nmlc-campaign.net/wp-json/oembed/1.0/embedbc3c.json]
[nmlc-campaign.net/wp-content/uploads/2024/09/n14210_ad_87.jpg]
[nmlc-campaign.net/wp-json/oembed/1.0/embed7c36]
[nmlc-campaign.net/history/index.html]
[nmlc-campaign.net/category/blog/index.html]
[nmlc-campaign.net/privacy-policy/index.html]
[nmlc-campaign.net/wp-json/oembed/1.0/embed3482.json]
[nmlc-campaign.net/wp-json/oembed/1.0/embed1743]
[nmlc-campaign.net/new-mills-leisure-centre-consultation-only-one-option-saves-both-the-squash-court-and-the-sports-hall/index.html]
[nmlc-campaign.net/wp-json/oembed/1.0/embed1331.json]
[nmlc-campaign.net/wp-json/oembed/1.0/embedb98e]
[nmlc-campaign.net/wp-content/plugins/pdf-viewer-block/inc/pdfjs/web/viewer.html]
[nmlc-campaign.net/wp-content/plugins/pdf-viewer-block/public/js/pdf-viewer-blockd70e.js]
[nmlc-campaign.net/wp-json/oembed/1.0/embed98ea.json]
[nmlc-campaign.net/wp-content/themes/varia-wpcom/js/primary-navigationf91e.js]
[nmlc-campaign.net/wp-json/oembed/1.0/embed71da]
[nmlc-campaign.net/wp-content/plugins/newsletter/main80fe.js]
[nmlc-campaign.net/wp-includes/js/mediaelement/mejs-controls.svg]
[nmlc-campaign.net/indexb5fb.html]
[nmlc-campaign.net/wp-content/uploads/2024/05/Full-group-picture-indoors-1024x730.jpg]
[nmlc-campaign.net/wp-content/uploads/2024/05/DD51DA1D-4EA7-4C4B-AB06-E8CE42EE4CD5_1_201_a-edited-scaled.jpg]
[nmlc-campaign.net/wp-content/uploads/2024/05/WhatsApp-Image-2024-05-07-at-16.37.12-edited-1.jpg]
[nmlc-campaign.net/wp-content/uploads/2024/05/Both-teams-promoted-edited.jpg]
[nmlc-campaign.net/wp-content/uploads/2024/05/kisspng-1988-winter-olympics-2020-summer-olympics-olympic-olympic-rings-5acd756bc70ba3.9576069415234143798153.png]
[nmlc-campaign.net/wp-json/oembed/1.0/embed0356.json]
[nmlc-campaign.net/wp-content/uploads/2024/05/Untitled-design-3.png]
[nmlc-campaign.net/wp-json/oembed/1.0/embed8505]
[nmlc-campaign.net/wp-content/uploads/2024/05/Untitled-design-2-150x150.png]
[nmlc-campaign.net/wp-content/uploads/2024/05/Gemma-4.jpg]
[nmlc-campaign.net/wp-content/uploads/2024/05/0F63EFFE-7E89-4B75-B824-F0EC630A1EC1_1_201_a-1-1024x837.jpg]
[nmlc-campaign.net/wp-content/uploads/2024/05/w1200-1-1024x857.jpg]
[nmlc-campaign.net/wp-content/uploads/2024/05/Abs-and-core-class-in-squash-court_2-1024x878.jpg]
[nmlc-campaign.net/wp-json/wp/v2/pages/11.json]
[nmlc-campaign.net/index5757.html]
[nmlc-campaign.net/wp-content/uploads/2024/05/sports-hall-1-1024x768.jpg]
[nmlc-campaign.net/wp-content/uploads/2024/05/WhatsApp-Image-2024-05-09-at-10.30.49-1024x771.jpg]
[nmlc-campaign.net/wp-content/uploads/2024/05/sports-hall-3-1024x768.jpg]
[nmlc-campaign.net/wp-content/uploads/2024/05/DoxGwbqAFYnPstq-800x450-noPad.jpg]
[nmlc-campaign.net/wp-content/uploads/2024/05/Pickleball-1024x517.jpg]
[nmlc-campaign.net/wp-content/uploads/2024/05/sports-hall-4-768x1024.jpg]
[nmlc-campaign.net/wp-content/uploads/2024/05/Sue-Fisher-1.jpg]
[nmlc-campaign.net/wp-content/uploads/2024/05/5.png]
[nmlc-campaign.net/wp-content/uploads/2024/05/11-1-150x150.png]
[nmlc-campaign.net/wp-content/uploads/2024/05/14-1-150x150.png]
[nmlc-campaign.net/wp-content/plugins/timeline-block/includes/cool-timeline-block/dist/style-index.css]
[nmlc-campaign.net/wp-json/wp/v2/pages/68.json]
[nmlc-campaign.net/index7ef4.html]
[nmlc-campaign.net/date-for-public-consulation-meeting-confirmed/index.html]
[nmlc-campaign.net/wp-json/wp/v2/pages/394.json]
[nmlc-campaign.net/index51fe.html]
[nmlc-campaign.net/wp-content/uploads/2024/09/n03314_first_committee.jpg]
[nmlc-campaign.net/wp-content/uploads/2024/09/n03317_carnival_queen.jpg]
[nmlc-campaign.net/wp-content/uploads/2024/10/D782-1-NEWSPA-Carnival-1978.pdf]
[nmlc-campaign.net/wp-content/uploads/2024/09/n04561_sports_hall.html]
[nmlc-campaign.net/wp-content/uploads/2024/10/D1346-4-NEWSPA-cuttings-Pt1.html]
[nmlc-campaign.net/wp-content/uploads/2024/10/D1346-4-NEWSPA-cuttings-Pt2.html]
[nmlc-campaign.net/wp-content/uploads/2024/09/n03329_gym_equip.html]
[nmlc-campaign.net/wp-content/uploads/2024/10/n03332.html]
[nmlc-campaign.net/wp-content/uploads/2024/10/final_newspa_meeting.html]
[nmlc-campaign.net/wp-content/uploads/2024/09/n16226_sett_valley_colour-1.html]
[nmlc-campaign.net/wp-content/uploads/2024/09/n03664_sport_shop_colour.html]
[nmlc-campaign.net/wp-content/uploads/2024/10/n50409.html]
[nmlc-campaign.net/wp-content/uploads/2024/09/new_mills_gym.html]
[nmlc-campaign.net/wp-content/uploads/2024/09/recent_team.html]
[nmlc-campaign.net/wp-content/uploads/2024/09/Untitled.jpg]
[nmlc-campaign.net/category/blog/feed/index.html]
[nmlc-campaign.net/wp-json/wp/v2/categories/1.json]
[nmlc-campaign.net/wp-content/uploads/2024/11/Option-1-1.png]
[nmlc-campaign.net/author/the_editor/index.html]
[nmlc-campaign.net/if-the-kids-lost-the-squash-court-it-would-be-devastating-for-them/index.html]
[nmlc-campaign.net/wp-json/wp/v2/pages/3.json]
[nmlc-campaign.net/index2207.html]
[nmlc-campaign.net/new-mills-leisure-centre-consultation-only-one-option-saves-both-the-squash-court-and-the-sports-hall/feed/index.html]
[nmlc-campaign.net/wp-content/plugins/jetpack/modules/related-posts/related-posts22ae.css]
[nmlc-campaign.net/wp-content/plugins/jetpack/_inc/build/related-posts/related-posts.min22ae.js]
[nmlc-campaign.net/wp-json/wp/v2/posts/610.json]
[nmlc-campaign.net/index0718.html]
[nmlc-campaign.net/wp-json/oembed/1.0/embedc0b2.html]
[nmlc-campaign.net/wp-json/oembed/1.0/embed0dcb.html]
[nmlc-campaign.net/xmlrpc.html]
[nmlc-campaign.net/wp-content/uploads/2024/11/Square-options-table-1024x1024.html]
[nmlc-campaign.net/wp-content/uploads/2024/12/sports-hall-1-edited.html]
[nmlc-campaign.net/wp-content/uploads/2024/11/WhatsApp-Image-2024-11-30-at-20.50.32-1024x768.html]
[nmlc-campaign.net/wp-content/uploads/2024/11/Preview-of-PDF-1024x538.html]
[nmlc-campaign.net/wp-content/uploads/2024/11/VID-20241119-WA0027.html]
[nmlc-campaign.net/wp-includes/js/comment-reply.mind70e.html]
[nmlc-campaign.net/wp-content/plugins/pdf-viewer-block/inc/pdfjs/web/viewer-2.html]
[nmlc-campaign.net/wp-content/plugins/pdf-viewer-block/inc/pdfjs/web/compatibility.html]
[nmlc-campaign.net/wp-content/plugins/pdf-viewer-block/inc/pdfjs/web/locale/locale.html]
[nmlc-campaign.net/wp-content/plugins/pdf-viewer-block/inc/pdfjs/web/l10n.html]
[nmlc-campaign.net/wp-content/plugins/pdf-viewer-block/inc/pdfjs/build/pdf.html]
[nmlc-campaign.net/wp-content/plugins/pdf-viewer-block/inc/pdfjs/web/debugger.html]
[nmlc-campaign.net/wp-content/plugins/pdf-viewer-block/inc/pdfjs/web/viewer-3.html]
